// Jest Snapshot v1, https://goo.gl/fbAQLP

exports[`<CompletedSavedShoppingPathComponent /> renders the component properly 1`] = `
<div>
  <div>
    <div>
      <p>
        Completed Shoppings
      </p>
      <div
        id="CompletedList1"
        key="CompletedList1"
        onClick={[Function]}
      >
        <span>
          CompletedList1
           - 
          5/10/2017
        </span>
      </div>
      <div
        id="CompletedList2"
        key="CompletedList2"
        onClick={[Function]}
      >
        <span>
          CompletedList2
           - 
          6/10/2017
        </span>
      </div>
      <div
        id="CompletedList3"
        key="CompletedList3"
        onClick={[Function]}
      >
        <span>
          CompletedList3
           - 
          7/10/2017
        </span>
      </div>
      <div
        id="CompletedList4"
        key="CompletedList4"
        onClick={[Function]}
      >
        <span>
          CompletedList4
           - 
          8/10/2017
        </span>
      </div>
    </div>
  </div>
  <div>
    <div>
      <p>
        Saved Shoppings
      </p>
      <div
        id="SavedList1"
        key="SavedList1"
        onClick={[Function]}
      >
        <span>
          SavedList1
           - 
          5/8/2017
        </span>
      </div>
      <div
        id="SavedList2"
        key="SavedList2"
        onClick={[Function]}
      >
        <span>
          SavedList2
           - 
          6/8/2017
        </span>
      </div>
      <div
        id="SavedList3"
        key="SavedList3"
        onClick={[Function]}
      >
        <span>
          SavedList3
           - 
          7/8/2017
        </span>
      </div>
      <div
        id="SavedList4"
        key="SavedList4"
        onClick={[Function]}
      >
        <span>
          SavedList4
           - 
          8/8/2017
        </span>
      </div>
    </div>
  </div>
</div>
`;
